feature@org.eclipse.epf.base.feature=COPY,,org.eclipse.epf.composer/1.5/features/org.eclipse.epf.base.feature
feature@org.eclipse.epf.doc.feature=COPY,,org.eclipse.epf.composer/1.5/features/org.eclipse.epf.doc.feature
feature@org.eclipse.epf.platform.feature=COPY,,org.eclipse.epf.composer/1.5/features/org.eclipse.epf.platform.feature
feature@org.eclipse.epf.rcp.feature=COPY,,org.eclipse.epf.composer/1.5/features/org.eclipse.epf.rcp.feature
feature@org.eclipse.epf.common.html.feature=COPY,,org.eclipse.epf.composer/1.5/features/org.eclipse.epf.common.html.feature
feature@org.eclipse.epf.richtext.feature=COPY,,org.eclipse.epf.composer/1.5/features/org.eclipse.epf.richtext.feature
feature@org.eclipse.epf.richtext.win32.feature=COPY,,org.eclipse.epf.composer/1.5/features/org.eclipse.epf.richtext.win32.feature
feature@org.eclipse.epf.rte.feature=COPY,,org.eclipse.epf.composer/1.5/features/org.eclipse.epf.rte.feature
feature@org.eclipse.epf.product.feature=COPY,,org.eclipse.epf.composer/1.5/features/org.eclipse.epf.product.feature
feature@org.eclipse.epf.product.win32.feature=COPY,,org.eclipse.epf.composer/1.5/features/org.eclipse.epf.product.win32.feature
plugin@org.eclipse.epf.authoring.ui=COPY,,org.eclipse.epf.composer/1.5/plugins/org.eclipse.epf.authoring.ui
plugin@org.eclipse.epf.base=COPY,,org.eclipse.epf.composer/1.5/plugins/org.eclipse.epf.base
plugin@org.eclipse.epf.common=COPY,,org.eclipse.epf.composer/1.5/plugins/org.eclipse.epf.common
plugin@org.eclipse.epf.common.html=COPY,,org.eclipse.epf.composer/1.5/plugins/org.eclipse.epf.common.html
plugin@org.eclipse.epf.common.service=COPY,,org.eclipse.epf.composer/1.5/plugins/org.eclipse.epf.common.service
plugin@org.eclipse.epf.common.ui=COPY,,org.eclipse.epf.composer/1.5/plugins/org.eclipse.epf.common.ui
plugin@org.eclipse.epf.common.win32.win32.x86=COPY,,org.eclipse.epf.composer/1.5/plugins/org.eclipse.epf.common.win32.win32.x86
plugin@org.eclipse.epf.dataexchange=COPY,,org.eclipse.epf.composer/1.5/plugins/org.eclipse.epf.dataexchange
plugin@org.eclipse.epf.diagram.ad=COPY,,org.eclipse.epf.composer/1.5/plugins/org.eclipse.epf.diagram.ad
plugin@org.eclipse.epf.diagram.add=COPY,,org.eclipse.epf.composer/1.5/plugins/org.eclipse.epf.diagram.add
plugin@org.eclipse.epf.diagram.core=COPY,,org.eclipse.epf.composer/1.5/plugins/org.eclipse.epf.diagram.core
plugin@org.eclipse.epf.diagram.edit=COPY,,org.eclipse.epf.composer/1.5/plugins/org.eclipse.epf.diagram.edit
plugin@org.eclipse.epf.diagram.model=COPY,,org.eclipse.epf.composer/1.5/plugins/org.eclipse.epf.diagram.model
plugin@org.eclipse.epf.diagram.ui=COPY,,org.eclipse.epf.composer/1.5/plugins/org.eclipse.epf.diagram.ui
plugin@org.eclipse.epf.diagram.wpdd=COPY,,org.eclipse.epf.composer/1.5/plugins/org.eclipse.epf.diagram.wpdd
plugin@org.eclipse.epf.doc=COPY,,org.eclipse.epf.composer/1.5/plugins/org.eclipse.epf.doc
plugin@org.eclipse.epf.export=COPY,,org.eclipse.epf.composer/1.5/plugins/org.eclipse.epf.export
plugin@org.eclipse.epf.export.msp=COPY,,org.eclipse.epf.composer/1.5/plugins/org.eclipse.epf.export.msp
plugin@org.eclipse.epf.export.msp.ui=COPY,,org.eclipse.epf.composer/1.5/plugins/org.eclipse.epf.export.msp.ui
plugin@org.eclipse.epf.export.xml=COPY,,org.eclipse.epf.composer/1.5/plugins/org.eclipse.epf.export.xml
plugin@org.eclipse.epf.help.doc=COPY,,org.eclipse.epf.composer/1.5/plugins/org.eclipse.epf.help.doc
plugin@org.eclipse.epf.import=COPY,,org.eclipse.epf.composer/1.5/plugins/org.eclipse.epf.import
plugin@org.eclipse.epf.import.xml=COPY,,org.eclipse.epf.composer/1.5/plugins/org.eclipse.epf.import.xml
plugin@org.eclipse.epf.library=COPY,,org.eclipse.epf.composer/1.5/plugins/org.eclipse.epf.library
plugin@org.eclipse.epf.library.edit=COPY,,org.eclipse.epf.composer/1.5/plugins/org.eclipse.epf.library.edit
plugin@org.eclipse.epf.library.edit.ui=COPY,,org.eclipse.epf.composer/1.5/plugins/org.eclipse.epf.library.edit.ui
plugin@org.eclipse.epf.library.persistence=COPY,,org.eclipse.epf.composer/1.5/plugins/org.eclipse.epf.library.persistence
plugin@org.eclipse.epf.library.ui=COPY,,org.eclipse.epf.composer/1.5/plugins/org.eclipse.epf.library.ui
plugin@org.eclipse.epf.library.ui.xmi=COPY,,org.eclipse.epf.composer/1.5/plugins/org.eclipse.epf.library.ui.xmi
plugin@org.eclipse.epf.library.xmi=COPY,,org.eclipse.epf.composer/1.5/plugins/org.eclipse.epf.library.xmi
plugin@org.eclipse.epf.migration.diagram=COPY,,org.eclipse.epf.composer/1.5/plugins/org.eclipse.epf.migration.diagram
plugin@org.eclipse.epf.msproject=COPY,,org.eclipse.epf.composer/1.5/plugins/org.eclipse.epf.msproject
plugin@org.eclipse.epf.platform=COPY,,org.eclipse.epf.composer/1.5/plugins/org.eclipse.epf.platform
plugin@org.eclipse.epf.publish.layout=COPY,,org.eclipse.epf.composer/1.5/plugins/org.eclipse.epf.publish.layout
plugin@org.eclipse.epf.publishing=COPY,,org.eclipse.epf.composer/1.5/plugins/org.eclipse.epf.publishing
plugin@org.eclipse.epf.publishing.cmdline=COPY,,org.eclipse.epf.composer/1.5/plugins/org.eclipse.epf.publishing.cmdline
plugin@org.eclipse.epf.publishing.ui=COPY,,org.eclipse.epf.composer/1.5/plugins/org.eclipse.epf.publishing.ui
plugin@org.eclipse.epf.rcp=COPY,,org.eclipse.epf.composer/1.5/plugins/org.eclipse.epf.rcp
plugin@org.eclipse.epf.rcp.ui=COPY,,org.eclipse.epf.composer/1.5/plugins/org.eclipse.epf.rcp.ui
plugin@org.eclipse.epf.richtext=COPY,,org.eclipse.epf.composer/1.5/plugins/org.eclipse.epf.richtext
plugin@org.eclipse.epf.search=COPY,,org.eclipse.epf.composer/1.5/plugins/org.eclipse.epf.search
plugin@org.eclipse.epf.search.ui=COPY,,org.eclipse.epf.composer/1.5/plugins/org.eclipse.epf.search.ui
plugin@org.eclipse.epf.services=COPY,,org.eclipse.epf.composer/1.5/plugins/org.eclipse.epf.services
plugin@org.eclipse.epf.ui=COPY,,org.eclipse.epf.composer/1.5/plugins/org.eclipse.epf.ui
plugin@org.eclipse.epf.ui.intro=COPY,,org.eclipse.epf.composer/1.5/plugins/org.eclipse.epf.ui.intro
plugin@org.eclipse.epf.uma=COPY,,org.eclipse.epf.composer/1.5/plugins/org.eclipse.epf.uma
plugin@org.eclipse.epf.uma.ecore=COPY,,org.eclipse.epf.composer/1.5/plugins/org.eclipse.epf.uma.ecore
plugin@org.eclipse.epf.uma.edit=COPY,,org.eclipse.epf.composer/1.5/plugins/org.eclipse.epf.uma.edit
plugin@org.eclipse.epf.validation=COPY,,org.eclipse.epf.composer/1.5/plugins/org.eclipse.epf.validation
plugin@org.eclipse.epf.xml.uma=COPY,,org.eclipse.epf.composer/1.5/plugins/org.eclipse.epf.xml.uma