feature@org.eclipse.epf.base.feature.nlsBidi=COPY,,org.eclipse.epf.composer/1.5/nls/nlBidi/features/org.eclipse.epf.base.feature.nlsBidi
feature@org.eclipse.epf.doc.feature.nlsBidi=COPY,,org.eclipse.epf.composer/1.5/nls/nlBidi/features/org.eclipse.epf.doc.feature.nlsBidi
feature@org.eclipse.epf.platform.feature.nlsBidi=COPY,,org.eclipse.epf.composer/1.5/nls/nlBidi/features/org.eclipse.epf.platform.feature.nlsBidi
feature@org.eclipse.epf.rcp.feature.nlsBidi=COPY,,org.eclipse.epf.composer/1.5/nls/nlBidi/features/org.eclipse.epf.rcp.feature.nlsBidi
feature@org.eclipse.epf.richtext.feature.nlsBidi=COPY,,org.eclipse.epf.composer/1.5/nls/nlBidi/features/org.eclipse.epf.richtext.feature.nlsBidi
fragment@org.eclipse.epf.authoring.ui.nlBidi=COPY,,org.eclipse.epf.composer/1.5/nls/nlBidi/plugins/org.eclipse.epf.authoring.ui.nlBidi
fragment@org.eclipse.epf.diagram.ad.nlBidi=COPY,,org.eclipse.epf.composer/1.5/nls/nlBidi/plugins/org.eclipse.epf.diagram.ad.nlBidi
fragment@org.eclipse.epf.diagram.add.nlBidi=COPY,,org.eclipse.epf.composer/1.5/nls/nlBidi/plugins/org.eclipse.epf.diagram.add.nlBidi
fragment@org.eclipse.epf.diagram.core.nlBidi=COPY,,org.eclipse.epf.composer/1.5/nls/nlBidi/plugins/org.eclipse.epf.diagram.core.nlBidi
fragment@org.eclipse.epf.diagram.edit.nlBidi=COPY,,org.eclipse.epf.composer/1.5/nls/nlBidi/plugins/org.eclipse.epf.diagram.edit.nlBidi
fragment@org.eclipse.epf.diagram.model.nlBidi=COPY,,org.eclipse.epf.composer/1.5/nls/nlBidi/plugins/org.eclipse.epf.diagram.model.nlBidi
fragment@org.eclipse.epf.diagram.wpdd.nlBidi=COPY,,org.eclipse.epf.composer/1.5/nls/nlBidi/plugins/org.eclipse.epf.diagram.wpdd.nlBidi
fragment@org.eclipse.epf.export.msp.nlBidi=COPY,,org.eclipse.epf.composer/1.5/nls/nlBidi/plugins/org.eclipse.epf.export.msp.nlBidi
fragment@org.eclipse.epf.export.msp.ui.nlBidi=COPY,,org.eclipse.epf.composer/1.5/nls/nlBidi/plugins/org.eclipse.epf.export.msp.ui.nlBidi
fragment@org.eclipse.epf.export.nlBidi=COPY,,org.eclipse.epf.composer/1.5/nls/nlBidi/plugins/org.eclipse.epf.export.nlBidi
fragment@org.eclipse.epf.export.xml.nlBidi=COPY,,org.eclipse.epf.composer/1.5/nls/nlBidi/plugins/org.eclipse.epf.export.xml.nlBidi
fragment@org.eclipse.epf.help.doc.nlBidi=COPY,,org.eclipse.epf.composer/1.5/nls/nlBidi/plugins/org.eclipse.epf.help.doc.nlBidi
fragment@org.eclipse.epf.import.nlBidi=COPY,,org.eclipse.epf.composer/1.5/nls/nlBidi/plugins/org.eclipse.epf.import.nlBidi
fragment@org.eclipse.epf.import.xml.nlBidi=COPY,,org.eclipse.epf.composer/1.5/nls/nlBidi/plugins/org.eclipse.epf.import.xml.nlBidi
fragment@org.eclipse.epf.library.nlBidi=COPY,,org.eclipse.epf.composer/1.5/nls/nlBidi/plugins/org.eclipse.epf.library.nlBidi
fragment@org.eclipse.epf.library.edit.nlBidi=COPY,,org.eclipse.epf.composer/1.5/nls/nlBidi/plugins/org.eclipse.epf.library.edit.nlBidi
fragment@org.eclipse.epf.library.persistence.nlBidi=COPY,,org.eclipse.epf.composer/1.5/nls/nlBidi/plugins/org.eclipse.epf.library.persistence.nlBidi
fragment@org.eclipse.epf.library.ui.nlBidi=COPY,,org.eclipse.epf.composer/1.5/nls/nlBidi/plugins/org.eclipse.epf.library.ui.nlBidi
fragment@org.eclipse.epf.library.ui.xmi.nlBidi=COPY,,org.eclipse.epf.composer/1.5/nls/nlBidi/plugins/org.eclipse.epf.library.ui.xmi.nlBidi
fragment@org.eclipse.epf.library.xmi.nlBidi=COPY,,org.eclipse.epf.composer/1.5/nls/nlBidi/plugins/org.eclipse.epf.library.xmi.nlBidi
fragment@org.eclipse.epf.migration.diagram.nlBidi=COPY,,org.eclipse.epf.composer/1.5/nls/nlBidi/plugins/org.eclipse.epf.migration.diagram.nlBidi
fragment@org.eclipse.epf.publish.layout.nlBidi=COPY,,org.eclipse.epf.composer/1.5/nls/nlBidi/plugins/org.eclipse.epf.publish.layout.nlBidi
fragment@org.eclipse.epf.publishing.nlBidi=COPY,,org.eclipse.epf.composer/1.5/nls/nlBidi/plugins/org.eclipse.epf.publishing.nlBidi
fragment@org.eclipse.epf.publishing.ui.nlBidi=COPY,,org.eclipse.epf.composer/1.5/nls/nlBidi/plugins/org.eclipse.epf.publishing.ui.nlBidi
fragment@org.eclipse.epf.rcp.ui.nlBidi=COPY,,org.eclipse.epf.composer/1.5/nls/nlBidi/plugins/org.eclipse.epf.rcp.ui.nlBidi
fragment@org.eclipse.epf.richtext.nlBidi=COPY,,org.eclipse.epf.composer/1.5/nls/nlBidi/plugins/org.eclipse.epf.richtext.nlBidi
fragment@org.eclipse.epf.search.nlBidi=COPY,,org.eclipse.epf.composer/1.5/nls/nlBidi/plugins/org.eclipse.epf.search.nlBidi
fragment@org.eclipse.epf.search.ui.nlBidi=COPY,,org.eclipse.epf.composer/1.5/nls/nlBidi/plugins/org.eclipse.epf.search.ui.nlBidi
fragment@org.eclipse.epf.ui.nlBidi=COPY,,org.eclipse.epf.composer/1.5/nls/nlBidi/plugins/org.eclipse.epf.ui.nlBidi
fragment@org.eclipse.epf.uma.nlBidi=COPY,,org.eclipse.epf.composer/1.5/nls/nlBidi/plugins/org.eclipse.epf.uma.nlBidi
fragment@org.eclipse.epf.uma.edit.nlBidi=COPY,,org.eclipse.epf.composer/1.5/nls/nlBidi/plugins/org.eclipse.epf.uma.edit.nlBidi
fragment@org.eclipse.epf.validation.nlBidi=COPY,,org.eclipse.epf.composer/1.5/nls/nlBidi/plugins/org.eclipse.epf.validation.nlBidi