feature@org.eclipse.epf.tests.feature=v20080211-1839,:pserver:anonymous@dev.eclipse.org:/cvsroot/technology,,org.eclipse.epf/composer/1.5/tests/org.eclipse.epf.tests.feature
plugin@org.eclipse.epf.common.tests=v20080211-1839,:pserver:anonymous@dev.eclipse.org:/cvsroot/technology,,org.eclipse.epf/composer/1.5/tests/org.eclipse.epf.common.tests
plugin@org.eclipse.epf.diagram.tests=v20080211-1839,:pserver:anonymous@dev.eclipse.org:/cvsroot/technology,,org.eclipse.epf/composer/1.5/tests/org.eclipse.epf.diagram.tests
plugin@org.eclipse.epf.library.tests=v20080218-1746,:pserver:anonymous@dev.eclipse.org:/cvsroot/technology,,org.eclipse.epf/composer/1.5/tests/org.eclipse.epf.library.tests
plugin@org.eclipse.epf.richtext.tests=v20080211-1839,:pserver:anonymous@dev.eclipse.org:/cvsroot/technology,,org.eclipse.epf/composer/1.5/tests/org.eclipse.epf.richtext.tests
plugin@org.eclipse.epf.tests=v20080211-1839,:pserver:anonymous@dev.eclipse.org:/cvsroot/technology,,org.eclipse.epf/composer/1.5/tests/org.eclipse.epf.tests