feature@org.eclipse.epf.base.feature=v20091119-1003,:pserver:anonymous@dev.eclipse.org:/cvsroot/technology,,org.eclipse.epf/composer/1.5/features/org.eclipse.epf.base.feature
feature@org.eclipse.epf.doc.feature=v20090824-2116,:pserver:anonymous@dev.eclipse.org:/cvsroot/technology,,org.eclipse.epf/composer/1.5/features/org.eclipse.epf.doc.feature
feature@org.eclipse.epf.platform.feature=v20100831-1320,:pserver:anonymous@dev.eclipse.org:/cvsroot/technology,,org.eclipse.epf/composer/1.5/features/org.eclipse.epf.platform.feature
feature@org.eclipse.epf.rcp.feature=v20100823-1123,:pserver:anonymous@dev.eclipse.org:/cvsroot/technology,,org.eclipse.epf/composer/1.5/features/org.eclipse.epf.rcp.feature
feature@org.eclipse.epf.common.html.feature=v20090824-1457,:pserver:anonymous@dev.eclipse.org:/cvsroot/technology,,org.eclipse.epf/composer/1.5/features/org.eclipse.epf.common.html.feature
feature@org.eclipse.epf.richtext.feature=v20101028-1109,:pserver:anonymous@dev.eclipse.org:/cvsroot/technology,,org.eclipse.epf/composer/1.5/features/org.eclipse.epf.richtext.feature
feature@org.eclipse.epf.richtext.win32.feature=v20080820-1636,:pserver:anonymous@dev.eclipse.org:/cvsroot/technology,,org.eclipse.epf/composer/1.5/features/org.eclipse.epf.richtext.win32.feature
feature@org.eclipse.epf.rte.feature=v20090824-2116,:pserver:anonymous@dev.eclipse.org:/cvsroot/technology,,org.eclipse.epf/composer/1.5/features/org.eclipse.epf.rte.feature
feature@org.eclipse.epf.product.feature=v20090805-1616,:pserver:anonymous@dev.eclipse.org:/cvsroot/technology,,org.eclipse.epf/composer/1.5/features/org.eclipse.epf.product.feature
feature@org.eclipse.epf.product.win32.feature=v20080820-1636,:pserver:anonymous@dev.eclipse.org:/cvsroot/technology,,org.eclipse.epf/composer/1.5/features/org.eclipse.epf.product.win32.feature
plugin@org.eclipse.epf.authoring.ui=v20110215-1117,:pserver:anonymous@dev.eclipse.org:/cvsroot/technology,,org.eclipse.epf/composer/1.5/plugins/org.eclipse.epf.authoring.ui
plugin@org.eclipse.epf.base=v20101012-1720,:pserver:anonymous@dev.eclipse.org:/cvsroot/technology,,org.eclipse.epf/composer/1.5/plugins/org.eclipse.epf.base
plugin@org.eclipse.epf.common=v20101101-1316,:pserver:anonymous@dev.eclipse.org:/cvsroot/technology,,org.eclipse.epf/composer/1.5/plugins/org.eclipse.epf.common
plugin@org.eclipse.epf.common.html=v20101012-1720,:pserver:anonymous@dev.eclipse.org:/cvsroot/technology,,org.eclipse.epf/composer/1.5/plugins/org.eclipse.epf.common.html
plugin@org.eclipse.epf.common.service=v20101012-1720,:pserver:anonymous@dev.eclipse.org:/cvsroot/technology,,org.eclipse.epf/composer/1.5/plugins/org.eclipse.epf.common.service
plugin@org.eclipse.epf.common.ui=v20101029-0926,:pserver:anonymous@dev.eclipse.org:/cvsroot/technology,,org.eclipse.epf/composer/1.5/plugins/org.eclipse.epf.common.ui
plugin@org.eclipse.epf.common.win32.win32.x86=v20101012-1720,:pserver:anonymous@dev.eclipse.org:/cvsroot/technology,,org.eclipse.epf/composer/1.5/plugins/org.eclipse.epf.common.win32.win32.x86
plugin@org.eclipse.epf.dataexchange=v20101012-1720,:pserver:anonymous@dev.eclipse.org:/cvsroot/technology,,org.eclipse.epf/composer/1.5/plugins/org.eclipse.epf.dataexchange
plugin@org.eclipse.epf.diagram.ad=v20110111-1627,:pserver:anonymous@dev.eclipse.org:/cvsroot/technology,,org.eclipse.epf/composer/1.5/plugins/org.eclipse.epf.diagram.ad
plugin@org.eclipse.epf.diagram.add=v20101012-1720,:pserver:anonymous@dev.eclipse.org:/cvsroot/technology,,org.eclipse.epf/composer/1.5/plugins/org.eclipse.epf.diagram.add
plugin@org.eclipse.epf.diagram.core=v20101117-1757,:pserver:anonymous@dev.eclipse.org:/cvsroot/technology,,org.eclipse.epf/composer/1.5/plugins/org.eclipse.epf.diagram.core
plugin@org.eclipse.epf.diagram.edit=v20101012-1720,:pserver:anonymous@dev.eclipse.org:/cvsroot/technology,,org.eclipse.epf/composer/1.5/plugins/org.eclipse.epf.diagram.edit
plugin@org.eclipse.epf.diagram.model=v20101012-1720,:pserver:anonymous@dev.eclipse.org:/cvsroot/technology,,org.eclipse.epf/composer/1.5/plugins/org.eclipse.epf.diagram.model
plugin@org.eclipse.epf.diagram.ui=v20101012-1720,:pserver:anonymous@dev.eclipse.org:/cvsroot/technology,,org.eclipse.epf/composer/1.5/plugins/org.eclipse.epf.diagram.ui
plugin@org.eclipse.epf.diagram.wpdd=v20101012-1720,:pserver:anonymous@dev.eclipse.org:/cvsroot/technology,,org.eclipse.epf/composer/1.5/plugins/org.eclipse.epf.diagram.wpdd
plugin@org.eclipse.epf.doc=v20101012-1720,:pserver:anonymous@dev.eclipse.org:/cvsroot/technology,,org.eclipse.epf/composer/1.5/plugins/org.eclipse.epf.doc
plugin@org.eclipse.epf.export=v20110209-1022,:pserver:anonymous@dev.eclipse.org:/cvsroot/technology,,org.eclipse.epf/composer/1.5/plugins/org.eclipse.epf.export
plugin@org.eclipse.epf.export.msp=v20101013-1331,:pserver:anonymous@dev.eclipse.org:/cvsroot/technology,,org.eclipse.epf/composer/1.5/plugins/org.eclipse.epf.export.msp
plugin@org.eclipse.epf.export.msp.ui=v20101013-1324,:pserver:anonymous@dev.eclipse.org:/cvsroot/technology,,org.eclipse.epf/composer/1.5/plugins/org.eclipse.epf.export.msp.ui
plugin@org.eclipse.epf.export.xml=v20110211-1431,:pserver:anonymous@dev.eclipse.org:/cvsroot/technology,,org.eclipse.epf/composer/1.5/plugins/org.eclipse.epf.export.xml
plugin@org.eclipse.epf.help.doc=v20101012-1720,:pserver:anonymous@dev.eclipse.org:/cvsroot/technology,,org.eclipse.epf/composer/1.5/plugins/org.eclipse.epf.help.doc
plugin@org.eclipse.epf.import=v20110211-1431,:pserver:anonymous@dev.eclipse.org:/cvsroot/technology,,org.eclipse.epf/composer/1.5/plugins/org.eclipse.epf.import
plugin@org.eclipse.epf.import.xml=v20110211-1025,:pserver:anonymous@dev.eclipse.org:/cvsroot/technology,,org.eclipse.epf/composer/1.5/plugins/org.eclipse.epf.import.xml
plugin@org.eclipse.epf.library=v20110205-1240,:pserver:anonymous@dev.eclipse.org:/cvsroot/technology,,org.eclipse.epf/composer/1.5/plugins/org.eclipse.epf.library
plugin@org.eclipse.epf.library.edit=v20110215-1616,:pserver:anonymous@dev.eclipse.org:/cvsroot/technology,,org.eclipse.epf/composer/1.5/plugins/org.eclipse.epf.library.edit
plugin@org.eclipse.epf.library.edit.ui=v20101012-1720,:pserver:anonymous@dev.eclipse.org:/cvsroot/technology,,org.eclipse.epf/composer/1.5/plugins/org.eclipse.epf.library.edit.ui
plugin@org.eclipse.epf.library.persistence=v20101012-1448,:pserver:anonymous@dev.eclipse.org:/cvsroot/technology,,org.eclipse.epf/composer/1.5/plugins/org.eclipse.epf.library.persistence
plugin@org.eclipse.epf.library.ui=v20101012-1720,:pserver:anonymous@dev.eclipse.org:/cvsroot/technology,,org.eclipse.epf/composer/1.5/plugins/org.eclipse.epf.library.ui
plugin@org.eclipse.epf.library.ui.xmi=v20101025-1549,:pserver:anonymous@dev.eclipse.org:/cvsroot/technology,,org.eclipse.epf/composer/1.5/plugins/org.eclipse.epf.library.ui.xmi
plugin@org.eclipse.epf.library.xmi=v20101025-1106,:pserver:anonymous@dev.eclipse.org:/cvsroot/technology,,org.eclipse.epf/composer/1.5/plugins/org.eclipse.epf.library.xmi
plugin@org.eclipse.epf.migration.diagram=v20101012-1720,:pserver:anonymous@dev.eclipse.org:/cvsroot/technology,,org.eclipse.epf/composer/1.5/plugins/org.eclipse.epf.migration.diagram
plugin@org.eclipse.epf.msproject=v20101012-1720,:pserver:anonymous@dev.eclipse.org:/cvsroot/technology,,org.eclipse.epf/composer/1.5/plugins/org.eclipse.epf.msproject
plugin@org.eclipse.epf.platform=v20101012-1720,:pserver:anonymous@dev.eclipse.org:/cvsroot/technology,,org.eclipse.epf/composer/1.5/plugins/org.eclipse.epf.platform
plugin@org.eclipse.epf.publish.layout=v20110118-0857,:pserver:anonymous@dev.eclipse.org:/cvsroot/technology,,org.eclipse.epf/composer/1.5/plugins/org.eclipse.epf.publish.layout
plugin@org.eclipse.epf.publishing=v20101012-1720,:pserver:anonymous@dev.eclipse.org:/cvsroot/technology,,org.eclipse.epf/composer/1.5/plugins/org.eclipse.epf.publishing
plugin@org.eclipse.epf.publishing.cmdline=v20101012-1720,:pserver:anonymous@dev.eclipse.org:/cvsroot/technology,,org.eclipse.epf/composer/1.5/plugins/org.eclipse.epf.publishing.cmdline
plugin@org.eclipse.epf.publishing.ui=v20101103-1815,:pserver:anonymous@dev.eclipse.org:/cvsroot/technology,,org.eclipse.epf/composer/1.5/plugins/org.eclipse.epf.publishing.ui
plugin@org.eclipse.epf.rcp=v20101012-1720,:pserver:anonymous@dev.eclipse.org:/cvsroot/technology,,org.eclipse.epf/composer/1.5/plugins/org.eclipse.epf.rcp
plugin@org.eclipse.epf.rcp.ui=v20101117-1526,:pserver:anonymous@dev.eclipse.org:/cvsroot/technology,,org.eclipse.epf/composer/1.5/plugins/org.eclipse.epf.rcp.ui
plugin@org.eclipse.epf.richtext=v20101028-1109,:pserver:anonymous@dev.eclipse.org:/cvsroot/technology,,org.eclipse.epf/composer/1.5/plugins/org.eclipse.epf.richtext
plugin@org.eclipse.epf.search=v20101012-1720,:pserver:anonymous@dev.eclipse.org:/cvsroot/technology,,org.eclipse.epf/composer/1.5/plugins/org.eclipse.epf.search
plugin@org.eclipse.epf.search.ui=v20101012-1720,:pserver:anonymous@dev.eclipse.org:/cvsroot/technology,,org.eclipse.epf/composer/1.5/plugins/org.eclipse.epf.search.ui
plugin@org.eclipse.epf.services=v20101012-1720,:pserver:anonymous@dev.eclipse.org:/cvsroot/technology,,org.eclipse.epf/composer/1.5/plugins/org.eclipse.epf.services
plugin@org.eclipse.epf.ui=v20101012-1720,:pserver:anonymous@dev.eclipse.org:/cvsroot/technology,,org.eclipse.epf/composer/1.5/plugins/org.eclipse.epf.ui
plugin@org.eclipse.epf.ui.intro=v20101012-1720,:pserver:anonymous@dev.eclipse.org:/cvsroot/technology,,org.eclipse.epf/composer/1.5/plugins/org.eclipse.epf.ui.intro
plugin@org.eclipse.epf.uma=v20101026-1407,:pserver:anonymous@dev.eclipse.org:/cvsroot/technology,,org.eclipse.epf/composer/1.5/plugins/org.eclipse.epf.uma
plugin@org.eclipse.epf.uma.ecore=v20101012-1720,:pserver:anonymous@dev.eclipse.org:/cvsroot/technology,,org.eclipse.epf/composer/1.5/plugins/org.eclipse.epf.uma.ecore
plugin@org.eclipse.epf.uma.edit=v20101020-1904,:pserver:anonymous@dev.eclipse.org:/cvsroot/technology,,org.eclipse.epf/composer/1.5/plugins/org.eclipse.epf.uma.edit
plugin@org.eclipse.epf.validation=v20101012-1720,:pserver:anonymous@dev.eclipse.org:/cvsroot/technology,,org.eclipse.epf/composer/1.5/plugins/org.eclipse.epf.validation
plugin@org.eclipse.epf.xml.uma=v20101012-1720,:pserver:anonymous@dev.eclipse.org:/cvsroot/technology,,org.eclipse.epf/composer/1.5/plugins/org.eclipse.epf.xml.uma