feature@org.eclipse.epf.base.feature.nlsBidi=v20080825-1652,:pserver:anonymous@dev.eclipse.org:/cvsroot/technology,,org.eclipse.epf/composer/1.5/nls/nlBidi/features/org.eclipse.epf.base.feature.nlsBidi
feature@org.eclipse.epf.doc.feature.nlsBidi=v20080825-1652,:pserver:anonymous@dev.eclipse.org:/cvsroot/technology,,org.eclipse.epf/composer/1.5/nls/nlBidi/features/org.eclipse.epf.doc.feature.nlsBidi
feature@org.eclipse.epf.platform.feature.nlsBidi=v20080825-1652,:pserver:anonymous@dev.eclipse.org:/cvsroot/technology,,org.eclipse.epf/composer/1.5/nls/nlBidi/features/org.eclipse.epf.platform.feature.nlsBidi
feature@org.eclipse.epf.rcp.feature.nlsBidi=v20080825-1652,:pserver:anonymous@dev.eclipse.org:/cvsroot/technology,,org.eclipse.epf/composer/1.5/nls/nlBidi/features/org.eclipse.epf.rcp.feature.nlsBidi
feature@org.eclipse.epf.richtext.feature.nlsBidi=v20080825-1652,:pserver:anonymous@dev.eclipse.org:/cvsroot/technology,,org.eclipse.epf/composer/1.5/nls/nlBidi/features/org.eclipse.epf.richtext.feature.nlsBidi
fragment@org.eclipse.epf.authoring.ui.nlBidi=v20080828-2225,:pserver:anonymous@dev.eclipse.org:/cvsroot/technology,,org.eclipse.epf/composer/1.5/nls/nlBidi/plugins/org.eclipse.epf.authoring.ui.nlBidi
fragment@org.eclipse.epf.diagram.ad.nlBidi=v20080828-2225,:pserver:anonymous@dev.eclipse.org:/cvsroot/technology,,org.eclipse.epf/composer/1.5/nls/nlBidi/plugins/org.eclipse.epf.diagram.ad.nlBidi
fragment@org.eclipse.epf.diagram.add.nlBidi=v20080828-2225,:pserver:anonymous@dev.eclipse.org:/cvsroot/technology,,org.eclipse.epf/composer/1.5/nls/nlBidi/plugins/org.eclipse.epf.diagram.add.nlBidi
fragment@org.eclipse.epf.diagram.core.nlBidi=v20080828-2225,:pserver:anonymous@dev.eclipse.org:/cvsroot/technology,,org.eclipse.epf/composer/1.5/nls/nlBidi/plugins/org.eclipse.epf.diagram.core.nlBidi
fragment@org.eclipse.epf.diagram.edit.nlBidi=v20080828-2225,:pserver:anonymous@dev.eclipse.org:/cvsroot/technology,,org.eclipse.epf/composer/1.5/nls/nlBidi/plugins/org.eclipse.epf.diagram.edit.nlBidi
fragment@org.eclipse.epf.diagram.model.nlBidi=v20080828-2225,:pserver:anonymous@dev.eclipse.org:/cvsroot/technology,,org.eclipse.epf/composer/1.5/nls/nlBidi/plugins/org.eclipse.epf.diagram.model.nlBidi
fragment@org.eclipse.epf.diagram.wpdd.nlBidi=v20080828-2225,:pserver:anonymous@dev.eclipse.org:/cvsroot/technology,,org.eclipse.epf/composer/1.5/nls/nlBidi/plugins/org.eclipse.epf.diagram.wpdd.nlBidi
fragment@org.eclipse.epf.export.msp.nlBidi=v20080828-2225,:pserver:anonymous@dev.eclipse.org:/cvsroot/technology,,org.eclipse.epf/composer/1.5/nls/nlBidi/plugins/org.eclipse.epf.export.msp.nlBidi
fragment@org.eclipse.epf.export.msp.ui.nlBidi=v20080828-2225,:pserver:anonymous@dev.eclipse.org:/cvsroot/technology,,org.eclipse.epf/composer/1.5/nls/nlBidi/plugins/org.eclipse.epf.export.msp.ui.nlBidi
fragment@org.eclipse.epf.export.nlBidi=v20080828-2225,:pserver:anonymous@dev.eclipse.org:/cvsroot/technology,,org.eclipse.epf/composer/1.5/nls/nlBidi/plugins/org.eclipse.epf.export.nlBidi
fragment@org.eclipse.epf.export.xml.nlBidi=v20080828-2225,:pserver:anonymous@dev.eclipse.org:/cvsroot/technology,,org.eclipse.epf/composer/1.5/nls/nlBidi/plugins/org.eclipse.epf.export.xml.nlBidi
fragment@org.eclipse.epf.help.doc.nlBidi=v20080828-2225,:pserver:anonymous@dev.eclipse.org:/cvsroot/technology,,org.eclipse.epf/composer/1.5/nls/nlBidi/plugins/org.eclipse.epf.help.doc.nlBidi
fragment@org.eclipse.epf.import.nlBidi=v20080828-2225,:pserver:anonymous@dev.eclipse.org:/cvsroot/technology,,org.eclipse.epf/composer/1.5/nls/nlBidi/plugins/org.eclipse.epf.import.nlBidi
fragment@org.eclipse.epf.import.xml.nlBidi=v20080828-2225,:pserver:anonymous@dev.eclipse.org:/cvsroot/technology,,org.eclipse.epf/composer/1.5/nls/nlBidi/plugins/org.eclipse.epf.import.xml.nlBidi
fragment@org.eclipse.epf.library.nlBidi=v20080828-2225,:pserver:anonymous@dev.eclipse.org:/cvsroot/technology,,org.eclipse.epf/composer/1.5/nls/nlBidi/plugins/org.eclipse.epf.library.nlBidi
fragment@org.eclipse.epf.library.edit.nlBidi=v20080828-2225,:pserver:anonymous@dev.eclipse.org:/cvsroot/technology,,org.eclipse.epf/composer/1.5/nls/nlBidi/plugins/org.eclipse.epf.library.edit.nlBidi
fragment@org.eclipse.epf.library.persistence.nlBidi=v20080828-2225,:pserver:anonymous@dev.eclipse.org:/cvsroot/technology,,org.eclipse.epf/composer/1.5/nls/nlBidi/plugins/org.eclipse.epf.library.persistence.nlBidi
fragment@org.eclipse.epf.library.ui.nlBidi=v20080828-2225,:pserver:anonymous@dev.eclipse.org:/cvsroot/technology,,org.eclipse.epf/composer/1.5/nls/nlBidi/plugins/org.eclipse.epf.library.ui.nlBidi
fragment@org.eclipse.epf.library.ui.xmi.nlBidi=v20080828-2225,:pserver:anonymous@dev.eclipse.org:/cvsroot/technology,,org.eclipse.epf/composer/1.5/nls/nlBidi/plugins/org.eclipse.epf.library.ui.xmi.nlBidi
fragment@org.eclipse.epf.library.xmi.nlBidi=v20080828-2225,:pserver:anonymous@dev.eclipse.org:/cvsroot/technology,,org.eclipse.epf/composer/1.5/nls/nlBidi/plugins/org.eclipse.epf.library.xmi.nlBidi
fragment@org.eclipse.epf.migration.diagram.nlBidi=v20080828-2225,:pserver:anonymous@dev.eclipse.org:/cvsroot/technology,,org.eclipse.epf/composer/1.5/nls/nlBidi/plugins/org.eclipse.epf.migration.diagram.nlBidi
fragment@org.eclipse.epf.publishing.nlBidi=v20080828-2225,:pserver:anonymous@dev.eclipse.org:/cvsroot/technology,,org.eclipse.epf/composer/1.5/nls/nlBidi/plugins/org.eclipse.epf.publishing.nlBidi
fragment@org.eclipse.epf.publishing.ui.nlBidi=v20080828-2225,:pserver:anonymous@dev.eclipse.org:/cvsroot/technology,,org.eclipse.epf/composer/1.5/nls/nlBidi/plugins/org.eclipse.epf.publishing.ui.nlBidi
fragment@org.eclipse.epf.rcp.ui.nlBidi=v20080828-2225,:pserver:anonymous@dev.eclipse.org:/cvsroot/technology,,org.eclipse.epf/composer/1.5/nls/nlBidi/plugins/org.eclipse.epf.rcp.ui.nlBidi
fragment@org.eclipse.epf.richtext.nlBidi=v20080828-2225,:pserver:anonymous@dev.eclipse.org:/cvsroot/technology,,org.eclipse.epf/composer/1.5/nls/nlBidi/plugins/org.eclipse.epf.richtext.nlBidi
fragment@org.eclipse.epf.search.nlBidi=v20080828-2225,:pserver:anonymous@dev.eclipse.org:/cvsroot/technology,,org.eclipse.epf/composer/1.5/nls/nlBidi/plugins/org.eclipse.epf.search.nlBidi
fragment@org.eclipse.epf.search.ui.nlBidi=v20080828-2225,:pserver:anonymous@dev.eclipse.org:/cvsroot/technology,,org.eclipse.epf/composer/1.5/nls/nlBidi/plugins/org.eclipse.epf.search.ui.nlBidi
fragment@org.eclipse.epf.ui.nlBidi=v20080828-2225,:pserver:anonymous@dev.eclipse.org:/cvsroot/technology,,org.eclipse.epf/composer/1.5/nls/nlBidi/plugins/org.eclipse.epf.ui.nlBidi
fragment@org.eclipse.epf.uma.nlBidi=v20080828-2225,:pserver:anonymous@dev.eclipse.org:/cvsroot/technology,,org.eclipse.epf/composer/1.5/nls/nlBidi/plugins/org.eclipse.epf.uma.nlBidi
fragment@org.eclipse.epf.uma.edit.nlBidi=v20080902-1148,:pserver:anonymous@dev.eclipse.org:/cvsroot/technology,,org.eclipse.epf/composer/1.5/nls/nlBidi/plugins/org.eclipse.epf.uma.edit.nlBidi
fragment@org.eclipse.epf.validation.nlBidi=v20080828-2225,:pserver:anonymous@dev.eclipse.org:/cvsroot/technology,,org.eclipse.epf/composer/1.5/nls/nlBidi/plugins/org.eclipse.epf.validation.nlBidi