feature@org.eclipse.epf.base.feature.nls1=v20090916--1157,:pserver:anonymous@dev.eclipse.org:/cvsroot/technology,,org.eclipse.epf/composer/1.5/nls/nl1/features/org.eclipse.epf.base.feature.nls1
feature@org.eclipse.epf.doc.feature.nls1=v20090916--1157,:pserver:anonymous@dev.eclipse.org:/cvsroot/technology,,org.eclipse.epf/composer/1.5/nls/nl1/features/org.eclipse.epf.doc.feature.nls1
feature@org.eclipse.epf.platform.feature.nls1=v20091119-1003,:pserver:anonymous@dev.eclipse.org:/cvsroot/technology,,org.eclipse.epf/composer/1.5/nls/nl1/features/org.eclipse.epf.platform.feature.nls1
feature@org.eclipse.epf.rcp.feature.nls1=v20090916--1157,:pserver:anonymous@dev.eclipse.org:/cvsroot/technology,,org.eclipse.epf/composer/1.5/nls/nl1/features/org.eclipse.epf.rcp.feature.nls1
feature@org.eclipse.epf.richtext.feature.nls1=v20090916--1157,:pserver:anonymous@dev.eclipse.org:/cvsroot/technology,,org.eclipse.epf/composer/1.5/nls/nl1/features/org.eclipse.epf.richtext.feature.nls1
fragment@org.eclipse.epf.authoring.ui.nl1=v20100730-1009,:pserver:anonymous@dev.eclipse.org:/cvsroot/technology,,org.eclipse.epf/composer/1.5/nls/nl1/plugins/org.eclipse.epf.authoring.ui.nl1
fragment@org.eclipse.epf.diagram.ad.nl1=v20090922-2251,:pserver:anonymous@dev.eclipse.org:/cvsroot/technology,,org.eclipse.epf/composer/1.5/nls/nl1/plugins/org.eclipse.epf.diagram.ad.nl1
fragment@org.eclipse.epf.diagram.add.nl1=v20080904-1723,:pserver:anonymous@dev.eclipse.org:/cvsroot/technology,,org.eclipse.epf/composer/1.5/nls/nl1/plugins/org.eclipse.epf.diagram.add.nl1
fragment@org.eclipse.epf.diagram.core.nl1=v20100709-1412,:pserver:anonymous@dev.eclipse.org:/cvsroot/technology,,org.eclipse.epf/composer/1.5/nls/nl1/plugins/org.eclipse.epf.diagram.core.nl1
fragment@org.eclipse.epf.diagram.edit.nl1=v20080904-1723,:pserver:anonymous@dev.eclipse.org:/cvsroot/technology,,org.eclipse.epf/composer/1.5/nls/nl1/plugins/org.eclipse.epf.diagram.edit.nl1
fragment@org.eclipse.epf.diagram.model.nl1=v20080828-2225,:pserver:anonymous@dev.eclipse.org:/cvsroot/technology,,org.eclipse.epf/composer/1.5/nls/nl1/plugins/org.eclipse.epf.diagram.model.nl1
fragment@org.eclipse.epf.diagram.wpdd.nl1=v20080904-1723,:pserver:anonymous@dev.eclipse.org:/cvsroot/technology,,org.eclipse.epf/composer/1.5/nls/nl1/plugins/org.eclipse.epf.diagram.wpdd.nl1
fragment@org.eclipse.epf.export.msp.nl1=v20080828-2225,:pserver:anonymous@dev.eclipse.org:/cvsroot/technology,,org.eclipse.epf/composer/1.5/nls/nl1/plugins/org.eclipse.epf.export.msp.nl1
fragment@org.eclipse.epf.export.msp.ui.nl1=v20080828-2225,:pserver:anonymous@dev.eclipse.org:/cvsroot/technology,,org.eclipse.epf/composer/1.5/nls/nl1/plugins/org.eclipse.epf.export.msp.ui.nl1
fragment@org.eclipse.epf.export.nl1=v20080828-2225,:pserver:anonymous@dev.eclipse.org:/cvsroot/technology,,org.eclipse.epf/composer/1.5/nls/nl1/plugins/org.eclipse.epf.export.nl1
fragment@org.eclipse.epf.export.xml.nl1=v20090917-0015,:pserver:anonymous@dev.eclipse.org:/cvsroot/technology,,org.eclipse.epf/composer/1.5/nls/nl1/plugins/org.eclipse.epf.export.xml.nl1
fragment@org.eclipse.epf.help.doc.nl1=v20080828-2225,:pserver:anonymous@dev.eclipse.org:/cvsroot/technology,,org.eclipse.epf/composer/1.5/nls/nl1/plugins/org.eclipse.epf.help.doc.nl1
fragment@org.eclipse.epf.import.nl1=v20100730-1009,:pserver:anonymous@dev.eclipse.org:/cvsroot/technology,,org.eclipse.epf/composer/1.5/nls/nl1/plugins/org.eclipse.epf.import.nl1
fragment@org.eclipse.epf.import.xml.nl1=v20090917-0015,:pserver:anonymous@dev.eclipse.org:/cvsroot/technology,,org.eclipse.epf/composer/1.5/nls/nl1/plugins/org.eclipse.epf.import.xml.nl1
fragment@org.eclipse.epf.library.nl1=v20100715-1904,:pserver:anonymous@dev.eclipse.org:/cvsroot/technology,,org.eclipse.epf/composer/1.5/nls/nl1/plugins/org.eclipse.epf.library.nl1
fragment@org.eclipse.epf.library.edit.nl1=v20100730-1009,:pserver:anonymous@dev.eclipse.org:/cvsroot/technology,,org.eclipse.epf/composer/1.5/nls/nl1/plugins/org.eclipse.epf.library.edit.nl1
fragment@org.eclipse.epf.library.persistence.nl1=v20080828-2225,:pserver:anonymous@dev.eclipse.org:/cvsroot/technology,,org.eclipse.epf/composer/1.5/nls/nl1/plugins/org.eclipse.epf.library.persistence.nl1
fragment@org.eclipse.epf.library.ui.nl1=v20100730-1009,:pserver:anonymous@dev.eclipse.org:/cvsroot/technology,,org.eclipse.epf/composer/1.5/nls/nl1/plugins/org.eclipse.epf.library.ui.nl1
fragment@org.eclipse.epf.library.ui.xmi.nl1=v20080828-2225,:pserver:anonymous@dev.eclipse.org:/cvsroot/technology,,org.eclipse.epf/composer/1.5/nls/nl1/plugins/org.eclipse.epf.library.ui.xmi.nl1
fragment@org.eclipse.epf.library.xmi.nl1=v20100715-1131,:pserver:anonymous@dev.eclipse.org:/cvsroot/technology,,org.eclipse.epf/composer/1.5/nls/nl1/plugins/org.eclipse.epf.library.xmi.nl1
fragment@org.eclipse.epf.migration.diagram.nl1=v20080828-2225,:pserver:anonymous@dev.eclipse.org:/cvsroot/technology,,org.eclipse.epf/composer/1.5/nls/nl1/plugins/org.eclipse.epf.migration.diagram.nl1
fragment@org.eclipse.epf.publish.layout.nl1=v20100715-1559,:pserver:anonymous@dev.eclipse.org:/cvsroot/technology,,org.eclipse.epf/composer/1.5/nls/nl1/plugins/org.eclipse.epf.publish.layout.nl1
fragment@org.eclipse.epf.publishing.nl1=v20080828-2225,:pserver:anonymous@dev.eclipse.org:/cvsroot/technology,,org.eclipse.epf/composer/1.5/nls/nl1/plugins/org.eclipse.epf.publishing.nl1
fragment@org.eclipse.epf.publishing.ui.nl1=v20100730-1009,:pserver:anonymous@dev.eclipse.org:/cvsroot/technology,,org.eclipse.epf/composer/1.5/nls/nl1/plugins/org.eclipse.epf.publishing.ui.nl1
fragment@org.eclipse.epf.rcp.ui.nl1=v20090908-1711,:pserver:anonymous@dev.eclipse.org:/cvsroot/technology,,org.eclipse.epf/composer/1.5/nls/nl1/plugins/org.eclipse.epf.rcp.ui.nl1
fragment@org.eclipse.epf.richtext.nl1=v20090908-1711,:pserver:anonymous@dev.eclipse.org:/cvsroot/technology,,org.eclipse.epf/composer/1.5/nls/nl1/plugins/org.eclipse.epf.richtext.nl1
fragment@org.eclipse.epf.search.nl1=v20080828-2225,:pserver:anonymous@dev.eclipse.org:/cvsroot/technology,,org.eclipse.epf/composer/1.5/nls/nl1/plugins/org.eclipse.epf.search.nl1
fragment@org.eclipse.epf.search.ui.nl1=v20080828-2225,:pserver:anonymous@dev.eclipse.org:/cvsroot/technology,,org.eclipse.epf/composer/1.5/nls/nl1/plugins/org.eclipse.epf.search.ui.nl1
fragment@org.eclipse.epf.ui.nl1=v20080828-2225,:pserver:anonymous@dev.eclipse.org:/cvsroot/technology,,org.eclipse.epf/composer/1.5/nls/nl1/plugins/org.eclipse.epf.ui.nl1
fragment@org.eclipse.epf.uma.nl1=v20080828-2225,:pserver:anonymous@dev.eclipse.org:/cvsroot/technology,,org.eclipse.epf/composer/1.5/nls/nl1/plugins/org.eclipse.epf.uma.nl1
fragment@org.eclipse.epf.uma.edit.nl1=v20080828-2225,:pserver:anonymous@dev.eclipse.org:/cvsroot/technology,,org.eclipse.epf/composer/1.5/nls/nl1/plugins/org.eclipse.epf.uma.edit.nl1
fragment@org.eclipse.epf.validation.nl1=v20080828-2225,:pserver:anonymous@dev.eclipse.org:/cvsroot/technology,,org.eclipse.epf/composer/1.5/nls/nl1/plugins/org.eclipse.epf.validation.nl1