feature@org.eclipse.epf.base.feature.nls2=v20080825-1652,:pserver:anonymous@dev.eclipse.org:/cvsroot/technology,,org.eclipse.epf/composer/1.5/nls/nl2/features/org.eclipse.epf.base.feature.nls2
feature@org.eclipse.epf.doc.feature.nls2=v20080825-1652,:pserver:anonymous@dev.eclipse.org:/cvsroot/technology,,org.eclipse.epf/composer/1.5/nls/nl2/features/org.eclipse.epf.doc.feature.nls2
feature@org.eclipse.epf.platform.feature.nls2=v20080825-1652,:pserver:anonymous@dev.eclipse.org:/cvsroot/technology,,org.eclipse.epf/composer/1.5/nls/nl2/features/org.eclipse.epf.platform.feature.nls2
feature@org.eclipse.epf.rcp.feature.nls2=v20080825-1652,:pserver:anonymous@dev.eclipse.org:/cvsroot/technology,,org.eclipse.epf/composer/1.5/nls/nl2/features/org.eclipse.epf.rcp.feature.nls2
feature@org.eclipse.epf.richtext.feature.nls2=v20080825-1652,:pserver:anonymous@dev.eclipse.org:/cvsroot/technology,,org.eclipse.epf/composer/1.5/nls/nl2/features/org.eclipse.epf.richtext.feature.nls2
fragment@org.eclipse.epf.authoring.ui.nl2=v20080828-2225,:pserver:anonymous@dev.eclipse.org:/cvsroot/technology,,org.eclipse.epf/composer/1.5/nls/nl2/plugins/org.eclipse.epf.authoring.ui.nl2
fragment@org.eclipse.epf.diagram.ad.nl2=v20080828-2225,:pserver:anonymous@dev.eclipse.org:/cvsroot/technology,,org.eclipse.epf/composer/1.5/nls/nl2/plugins/org.eclipse.epf.diagram.ad.nl2
fragment@org.eclipse.epf.diagram.add.nl2=v20080828-2225,:pserver:anonymous@dev.eclipse.org:/cvsroot/technology,,org.eclipse.epf/composer/1.5/nls/nl2/plugins/org.eclipse.epf.diagram.add.nl2
fragment@org.eclipse.epf.diagram.core.nl2=v20080828-2225,:pserver:anonymous@dev.eclipse.org:/cvsroot/technology,,org.eclipse.epf/composer/1.5/nls/nl2/plugins/org.eclipse.epf.diagram.core.nl2
fragment@org.eclipse.epf.diagram.edit.nl2=v20080828-2225,:pserver:anonymous@dev.eclipse.org:/cvsroot/technology,,org.eclipse.epf/composer/1.5/nls/nl2/plugins/org.eclipse.epf.diagram.edit.nl2
fragment@org.eclipse.epf.diagram.model.nl2=v20080828-2225,:pserver:anonymous@dev.eclipse.org:/cvsroot/technology,,org.eclipse.epf/composer/1.5/nls/nl2/plugins/org.eclipse.epf.diagram.model.nl2
fragment@org.eclipse.epf.diagram.wpdd.nl2=v20080828-2225,:pserver:anonymous@dev.eclipse.org:/cvsroot/technology,,org.eclipse.epf/composer/1.5/nls/nl2/plugins/org.eclipse.epf.diagram.wpdd.nl2
fragment@org.eclipse.epf.export.msp.nl2=v20080828-2225,:pserver:anonymous@dev.eclipse.org:/cvsroot/technology,,org.eclipse.epf/composer/1.5/nls/nl2/plugins/org.eclipse.epf.export.msp.nl2
fragment@org.eclipse.epf.export.msp.ui.nl2=v20080828-2225,:pserver:anonymous@dev.eclipse.org:/cvsroot/technology,,org.eclipse.epf/composer/1.5/nls/nl2/plugins/org.eclipse.epf.export.msp.ui.nl2
fragment@org.eclipse.epf.export.nl2=v20080828-2225,:pserver:anonymous@dev.eclipse.org:/cvsroot/technology,,org.eclipse.epf/composer/1.5/nls/nl2/plugins/org.eclipse.epf.export.nl2
fragment@org.eclipse.epf.export.xml.nl2=v20080828-2225,:pserver:anonymous@dev.eclipse.org:/cvsroot/technology,,org.eclipse.epf/composer/1.5/nls/nl2/plugins/org.eclipse.epf.export.xml.nl2
fragment@org.eclipse.epf.help.doc.nl2=v20080828-2225,:pserver:anonymous@dev.eclipse.org:/cvsroot/technology,,org.eclipse.epf/composer/1.5/nls/nl2/plugins/org.eclipse.epf.help.doc.nl2
fragment@org.eclipse.epf.import.nl2=v20080828-2225,:pserver:anonymous@dev.eclipse.org:/cvsroot/technology,,org.eclipse.epf/composer/1.5/nls/nl2/plugins/org.eclipse.epf.import.nl2
fragment@org.eclipse.epf.import.xml.nl2=v20080828-2225,:pserver:anonymous@dev.eclipse.org:/cvsroot/technology,,org.eclipse.epf/composer/1.5/nls/nl2/plugins/org.eclipse.epf.import.xml.nl2
fragment@org.eclipse.epf.library.nl2=v20080828-2225,:pserver:anonymous@dev.eclipse.org:/cvsroot/technology,,org.eclipse.epf/composer/1.5/nls/nl2/plugins/org.eclipse.epf.library.nl2
fragment@org.eclipse.epf.library.edit.nl2=v20080828-2225,:pserver:anonymous@dev.eclipse.org:/cvsroot/technology,,org.eclipse.epf/composer/1.5/nls/nl2/plugins/org.eclipse.epf.library.edit.nl2
fragment@org.eclipse.epf.library.persistence.nl2=v20080828-2225,:pserver:anonymous@dev.eclipse.org:/cvsroot/technology,,org.eclipse.epf/composer/1.5/nls/nl2/plugins/org.eclipse.epf.library.persistence.nl2
fragment@org.eclipse.epf.library.ui.nl2=v20080828-2225,:pserver:anonymous@dev.eclipse.org:/cvsroot/technology,,org.eclipse.epf/composer/1.5/nls/nl2/plugins/org.eclipse.epf.library.ui.nl2
fragment@org.eclipse.epf.library.ui.xmi.nl2=v20080828-2225,:pserver:anonymous@dev.eclipse.org:/cvsroot/technology,,org.eclipse.epf/composer/1.5/nls/nl2/plugins/org.eclipse.epf.library.ui.xmi.nl2
fragment@org.eclipse.epf.library.xmi.nl2=v20080828-2225,:pserver:anonymous@dev.eclipse.org:/cvsroot/technology,,org.eclipse.epf/composer/1.5/nls/nl2/plugins/org.eclipse.epf.library.xmi.nl2
fragment@org.eclipse.epf.migration.diagram.nl2=v20080828-2225,:pserver:anonymous@dev.eclipse.org:/cvsroot/technology,,org.eclipse.epf/composer/1.5/nls/nl2/plugins/org.eclipse.epf.migration.diagram.nl2
fragment@org.eclipse.epf.publishing.nl2=v20080828-2225,:pserver:anonymous@dev.eclipse.org:/cvsroot/technology,,org.eclipse.epf/composer/1.5/nls/nl2/plugins/org.eclipse.epf.publishing.nl2
fragment@org.eclipse.epf.publishing.ui.nl2=v20080828-2225,:pserver:anonymous@dev.eclipse.org:/cvsroot/technology,,org.eclipse.epf/composer/1.5/nls/nl2/plugins/org.eclipse.epf.publishing.ui.nl2
fragment@org.eclipse.epf.rcp.ui.nl2=v20080828-2225,:pserver:anonymous@dev.eclipse.org:/cvsroot/technology,,org.eclipse.epf/composer/1.5/nls/nl2/plugins/org.eclipse.epf.rcp.ui.nl2
fragment@org.eclipse.epf.richtext.nl2=v20080828-2225,:pserver:anonymous@dev.eclipse.org:/cvsroot/technology,,org.eclipse.epf/composer/1.5/nls/nl2/plugins/org.eclipse.epf.richtext.nl2
fragment@org.eclipse.epf.search.nl2=v20080828-2225,:pserver:anonymous@dev.eclipse.org:/cvsroot/technology,,org.eclipse.epf/composer/1.5/nls/nl2/plugins/org.eclipse.epf.search.nl2
fragment@org.eclipse.epf.search.ui.nl2=v20080828-2225,:pserver:anonymous@dev.eclipse.org:/cvsroot/technology,,org.eclipse.epf/composer/1.5/nls/nl2/plugins/org.eclipse.epf.search.ui.nl2
fragment@org.eclipse.epf.ui.nl2=v20080828-2225,:pserver:anonymous@dev.eclipse.org:/cvsroot/technology,,org.eclipse.epf/composer/1.5/nls/nl2/plugins/org.eclipse.epf.ui.nl2
fragment@org.eclipse.epf.uma.nl2=v20080828-2225,:pserver:anonymous@dev.eclipse.org:/cvsroot/technology,,org.eclipse.epf/composer/1.5/nls/nl2/plugins/org.eclipse.epf.uma.nl2
fragment@org.eclipse.epf.uma.edit.nl2=v20080828-2225,:pserver:anonymous@dev.eclipse.org:/cvsroot/technology,,org.eclipse.epf/composer/1.5/nls/nl2/plugins/org.eclipse.epf.uma.edit.nl2
fragment@org.eclipse.epf.validation.nl2=v20080828-2225,:pserver:anonymous@dev.eclipse.org:/cvsroot/technology,,org.eclipse.epf/composer/1.5/nls/nl2/plugins/org.eclipse.epf.validation.nl2