feature@org.eclipse.epf.base.feature.nls2a=v20090916--1157,:pserver:anonymous@dev.eclipse.org:/cvsroot/technology,,org.eclipse.epf/composer/1.5/nls/nl2a/features/org.eclipse.epf.base.feature.nls2a
feature@org.eclipse.epf.doc.feature.nls2a=v20090916--1157,:pserver:anonymous@dev.eclipse.org:/cvsroot/technology,,org.eclipse.epf/composer/1.5/nls/nl2a/features/org.eclipse.epf.doc.feature.nls2a
feature@org.eclipse.epf.platform.feature.nls2a=v20091119-1003,:pserver:anonymous@dev.eclipse.org:/cvsroot/technology,,org.eclipse.epf/composer/1.5/nls/nl2a/features/org.eclipse.epf.platform.feature.nls2a
feature@org.eclipse.epf.rcp.feature.nls2a=v20090916--1157,:pserver:anonymous@dev.eclipse.org:/cvsroot/technology,,org.eclipse.epf/composer/1.5/nls/nl2a/features/org.eclipse.epf.rcp.feature.nls2a
feature@org.eclipse.epf.richtext.feature.nls2a=v20090916--1157,:pserver:anonymous@dev.eclipse.org:/cvsroot/technology,,org.eclipse.epf/composer/1.5/nls/nl2a/features/org.eclipse.epf.richtext.feature.nls2a
fragment@org.eclipse.epf.authoring.ui.nl2a=v20100715-1131,:pserver:anonymous@dev.eclipse.org:/cvsroot/technology,,org.eclipse.epf/composer/1.5/nls/nl2a/plugins/org.eclipse.epf.authoring.ui.nl2a
fragment@org.eclipse.epf.diagram.ad.nl2a=v20090917-0845,:pserver:anonymous@dev.eclipse.org:/cvsroot/technology,,org.eclipse.epf/composer/1.5/nls/nl2a/plugins/org.eclipse.epf.diagram.ad.nl2a
fragment@org.eclipse.epf.diagram.add.nl2a=v20080828-2225,:pserver:anonymous@dev.eclipse.org:/cvsroot/technology,,org.eclipse.epf/composer/1.5/nls/nl2a/plugins/org.eclipse.epf.diagram.add.nl2a
fragment@org.eclipse.epf.diagram.core.nl2a=v20100709-1452,:pserver:anonymous@dev.eclipse.org:/cvsroot/technology,,org.eclipse.epf/composer/1.5/nls/nl2a/plugins/org.eclipse.epf.diagram.core.nl2a
fragment@org.eclipse.epf.diagram.edit.nl2a=v20080828-2225,:pserver:anonymous@dev.eclipse.org:/cvsroot/technology,,org.eclipse.epf/composer/1.5/nls/nl2a/plugins/org.eclipse.epf.diagram.edit.nl2a
fragment@org.eclipse.epf.diagram.model.nl2a=v20080828-2225,:pserver:anonymous@dev.eclipse.org:/cvsroot/technology,,org.eclipse.epf/composer/1.5/nls/nl2a/plugins/org.eclipse.epf.diagram.model.nl2a
fragment@org.eclipse.epf.diagram.wpdd.nl2a=v20080828-2225,:pserver:anonymous@dev.eclipse.org:/cvsroot/technology,,org.eclipse.epf/composer/1.5/nls/nl2a/plugins/org.eclipse.epf.diagram.wpdd.nl2a
fragment@org.eclipse.epf.export.msp.nl2a=v20080828-2225,:pserver:anonymous@dev.eclipse.org:/cvsroot/technology,,org.eclipse.epf/composer/1.5/nls/nl2a/plugins/org.eclipse.epf.export.msp.nl2a
fragment@org.eclipse.epf.export.msp.ui.nl2a=v20080828-2225,:pserver:anonymous@dev.eclipse.org:/cvsroot/technology,,org.eclipse.epf/composer/1.5/nls/nl2a/plugins/org.eclipse.epf.export.msp.ui.nl2a
fragment@org.eclipse.epf.export.nl2a=v20080828-2225,:pserver:anonymous@dev.eclipse.org:/cvsroot/technology,,org.eclipse.epf/composer/1.5/nls/nl2a/plugins/org.eclipse.epf.export.nl2a
fragment@org.eclipse.epf.export.xml.nl2a=v20090908-2231,:pserver:anonymous@dev.eclipse.org:/cvsroot/technology,,org.eclipse.epf/composer/1.5/nls/nl2a/plugins/org.eclipse.epf.export.xml.nl2a
fragment@org.eclipse.epf.help.doc.nl2a=v20080828-2225,:pserver:anonymous@dev.eclipse.org:/cvsroot/technology,,org.eclipse.epf/composer/1.5/nls/nl2a/plugins/org.eclipse.epf.help.doc.nl2a
fragment@org.eclipse.epf.import.nl2a=v20100715-1131,:pserver:anonymous@dev.eclipse.org:/cvsroot/technology,,org.eclipse.epf/composer/1.5/nls/nl2a/plugins/org.eclipse.epf.import.nl2a
fragment@org.eclipse.epf.import.xml.nl2a=v20090908-2231,:pserver:anonymous@dev.eclipse.org:/cvsroot/technology,,org.eclipse.epf/composer/1.5/nls/nl2a/plugins/org.eclipse.epf.import.xml.nl2a
fragment@org.eclipse.epf.library.nl2a=v20100715-1131,:pserver:anonymous@dev.eclipse.org:/cvsroot/technology,,org.eclipse.epf/composer/1.5/nls/nl2a/plugins/org.eclipse.epf.library.nl2a
fragment@org.eclipse.epf.library.edit.nl2a=v20100709-1452,:pserver:anonymous@dev.eclipse.org:/cvsroot/technology,,org.eclipse.epf/composer/1.5/nls/nl2a/plugins/org.eclipse.epf.library.edit.nl2a
fragment@org.eclipse.epf.library.persistence.nl2a=v20080828-2225,:pserver:anonymous@dev.eclipse.org:/cvsroot/technology,,org.eclipse.epf/composer/1.5/nls/nl2a/plugins/org.eclipse.epf.library.persistence.nl2a
fragment@org.eclipse.epf.library.ui.nl2a=v20100709-1452,:pserver:anonymous@dev.eclipse.org:/cvsroot/technology,,org.eclipse.epf/composer/1.5/nls/nl2a/plugins/org.eclipse.epf.library.ui.nl2a
fragment@org.eclipse.epf.library.ui.xmi.nl2a=v20080828-2225,:pserver:anonymous@dev.eclipse.org:/cvsroot/technology,,org.eclipse.epf/composer/1.5/nls/nl2a/plugins/org.eclipse.epf.library.ui.xmi.nl2a
fragment@org.eclipse.epf.library.xmi.nl2a=v20100715-1131,:pserver:anonymous@dev.eclipse.org:/cvsroot/technology,,org.eclipse.epf/composer/1.5/nls/nl2a/plugins/org.eclipse.epf.library.xmi.nl2a
fragment@org.eclipse.epf.migration.diagram.nl2a=v20080828-2225,:pserver:anonymous@dev.eclipse.org:/cvsroot/technology,,org.eclipse.epf/composer/1.5/nls/nl2a/plugins/org.eclipse.epf.migration.diagram.nl2a
fragment@org.eclipse.epf.publish.layout.nl2a=v20090901-0021,:pserver:anonymous@dev.eclipse.org:/cvsroot/technology,,org.eclipse.epf/composer/1.5/nls/nl2a/plugins/org.eclipse.epf.publish.layout.nl2a
fragment@org.eclipse.epf.publishing.nl2a=v20080828-2225,:pserver:anonymous@dev.eclipse.org:/cvsroot/technology,,org.eclipse.epf/composer/1.5/nls/nl2a/plugins/org.eclipse.epf.publishing.nl2a
fragment@org.eclipse.epf.publishing.ui.nl2a=v20100709-1452,:pserver:anonymous@dev.eclipse.org:/cvsroot/technology,,org.eclipse.epf/composer/1.5/nls/nl2a/plugins/org.eclipse.epf.publishing.ui.nl2a
fragment@org.eclipse.epf.rcp.ui.nl2a=v20090908-2231,:pserver:anonymous@dev.eclipse.org:/cvsroot/technology,,org.eclipse.epf/composer/1.5/nls/nl2a/plugins/org.eclipse.epf.rcp.ui.nl2a
fragment@org.eclipse.epf.richtext.nl2a=v20090908-2231,:pserver:anonymous@dev.eclipse.org:/cvsroot/technology,,org.eclipse.epf/composer/1.5/nls/nl2a/plugins/org.eclipse.epf.richtext.nl2a
fragment@org.eclipse.epf.search.nl2a=v20080828-2225,:pserver:anonymous@dev.eclipse.org:/cvsroot/technology,,org.eclipse.epf/composer/1.5/nls/nl2a/plugins/org.eclipse.epf.search.nl2a
fragment@org.eclipse.epf.search.ui.nl2a=v20080828-2225,:pserver:anonymous@dev.eclipse.org:/cvsroot/technology,,org.eclipse.epf/composer/1.5/nls/nl2a/plugins/org.eclipse.epf.search.ui.nl2a
fragment@org.eclipse.epf.ui.nl2a=v20080828-2225,:pserver:anonymous@dev.eclipse.org:/cvsroot/technology,,org.eclipse.epf/composer/1.5/nls/nl2a/plugins/org.eclipse.epf.ui.nl2a
fragment@org.eclipse.epf.uma.nl2a=v20080828-2225,:pserver:anonymous@dev.eclipse.org:/cvsroot/technology,,org.eclipse.epf/composer/1.5/nls/nl2a/plugins/org.eclipse.epf.uma.nl2a
fragment@org.eclipse.epf.uma.edit.nl2a=v20080828-2225,:pserver:anonymous@dev.eclipse.org:/cvsroot/technology,,org.eclipse.epf/composer/1.5/nls/nl2a/plugins/org.eclipse.epf.uma.edit.nl2a
fragment@org.eclipse.epf.validation.nl2a=v20080828-2225,:pserver:anonymous@dev.eclipse.org:/cvsroot/technology,,org.eclipse.epf/composer/1.5/nls/nl2a/plugins/org.eclipse.epf.validation.nl2a